// Vitest Snapshot v1, https://vitest.dev/guide/snapshot.html

exports[`public surface > keeps the OpenAPI document 1`] = `
{
  "components": {
    "schemas": {},
  },
  "info": {
    "title": "Auth Scaffold API",
    "version": "0.1.0",
  },
  "openapi": "3.0.3",
  "paths": {
    "/auth/change-password": {
      "post": {
        "description": "Replaces the password after confirming the current one, and ends every other session of the user so a stolen cookie stops working. The session behind this request is preserved, so the caller stays signed in on this device. Requires a valid session, so the response is 401 whenever the cookie is missing, unknown, signed out or expired. Repeated wrong current passwords are throttled, and the 429 carries Retry-After in seconds.",
        "requestBody": {
          "content": {
            "application/json": {
              "schema": {
                "properties": {
                  "currentPassword": {
                    "maxLength": 128,
                    "minLength": 1,
                    "type": "string",
                  },
                  "newPassword": {
                    "maxLength": 128,
                    "minLength": 15,
                    "type": "string",
                  },
                },
                "required": [
                  "currentPassword",
                  "newPassword",
                ],
                "type": "object",
              },
            },
          },
          "required": true,
        },
        "responses": {
          "204": {
            "description": "No content.",
          },
          "400": {
            "content": {
              "application/json": {
                "schema": {
                  "additionalProperties": false,
                  "properties": {
                    "message": {
                      "type": "string",
                    },
                  },
                  "required": [
                    "message",
                  ],
                  "type": "object",
                },
              },
            },
            "description": "Default Response",
          },
          "401": {
            "content": {
              "application/json": {
                "schema": {
                  "additionalProperties": false,
                  "properties": {
                    "message": {
                      "type": "string",
                    },
                  },
                  "required": [
                    "message",
                  ],
                  "type": "object",
                },
              },
            },
            "description": "Default Response",
          },
          "429": {
            "content": {
              "application/json": {
                "schema": {
                  "additionalProperties": false,
                  "properties": {
                    "message": {
                      "type": "string",
                    },
                  },
                  "required": [
                    "message",
                  ],
                  "type": "object",
                },
              },
            },
            "description": "Default Response",
          },
        },
        "summary": "Change the password of the signed-in user",
        "tags": [
          "auth",
        ],
      },
    },
    "/auth/forgot-password": {
      "post": {
        "description": "Emails a 6-digit reset code and sets the password_reset cookie. Calling it again is the resend, subject to a cooldown and a send cap. The response is intentionally generic and identical whether or not the email belongs to an account, and the code is delivered outside the request so the two cases cannot be told apart by how long the response takes.",
        "requestBody": {
          "content": {
            "application/json": {
              "schema": {
                "properties": {
                  "email": {
                    "format": "email",
                    "maxLength": 254,
                    "pattern": "^(?:[A-Za-z0-9_'+\\-]+\\.)*[A-Za-z0-9_'+\\-]*[A-Za-z0-9_+-]@(?:[A-Za-z0-9][A-Za-z0-9\\-]*\\.)+[A-Za-z]{2,}$",
                    "type": "string",
                  },
                },
                "required": [
                  "email",
                ],
                "type": "object",
              },
            },
          },
          "required": true,
        },
        "responses": {
          "202": {
            "content": {
              "application/json": {
                "schema": {
                  "additionalProperties": false,
                  "properties": {
                    "message": {
                      "type": "string",
                    },
                  },
                  "required": [
                    "message",
                  ],
                  "type": "object",
                },
              },
            },
            "description": "Default Response",
          },
          "400": {
            "content": {
              "application/json": {
                "schema": {
                  "additionalProperties": false,
                  "properties": {
                    "message": {
                      "type": "string",
                    },
                  },
                  "required": [
                    "message",
                  ],
                  "type": "object",
                },
              },
            },
            "description": "Default Response",
          },
          "429": {
            "content": {
              "application/json": {
                "schema": {
                  "additionalProperties": false,
                  "properties": {
                    "message": {
                      "type": "string",
                    },
                  },
                  "required": [
                    "message",
                  ],
                  "type": "object",
                },
              },
            },
            "description": "Default Response",
          },
        },
        "summary": "Start a password reset",
        "tags": [
          "auth",
        ],
      },
    },
    "/auth/login": {
      "post": {
        "description": "Verifies the credentials of a confirmed account and starts a new session for this device. The session lives only in the cookie: the signed-in user is read from GET /me. The error response is intentionally generic and identical whether the email is unknown or the password is wrong. Repeated failures for the same email are throttled, and the 429 carries Retry-After in seconds.",
        "requestBody": {
          "content": {
            "application/json": {
              "schema": {
                "properties": {
                  "email": {
                    "format": "email",
                    "maxLength": 254,
                    "pattern": "^(?:[A-Za-z0-9_'+\\-]+\\.)*[A-Za-z0-9_'+\\-]*[A-Za-z0-9_+-]@(?:[A-Za-z0-9][A-Za-z0-9\\-]*\\.)+[A-Za-z]{2,}$",
                    "type": "string",
                  },
                  "password": {
                    "maxLength": 128,
                    "minLength": 1,
                    "type": "string",
                  },
                },
                "required": [
                  "email",
                  "password",
                ],
                "type": "object",
              },
            },
          },
          "required": true,
        },
        "responses": {
          "204": {
            "description": "No content.",
          },
          "400": {
            "content": {
              "application/json": {
                "schema": {
                  "additionalProperties": false,
                  "properties": {
                    "message": {
                      "type": "string",
                    },
                  },
                  "required": [
                    "message",
                  ],
                  "type": "object",
                },
              },
            },
            "description": "Default Response",
          },
          "401": {
            "content": {
              "application/json": {
                "schema": {
                  "additionalProperties": false,
                  "properties": {
                    "message": {
                      "type": "string",
                    },
                  },
                  "required": [
                    "message",
                  ],
                  "type": "object",
                },
              },
            },
            "description": "Default Response",
          },
          "429": {
            "content": {
              "application/json": {
                "schema": {
                  "additionalProperties": false,
                  "properties": {
                    "message": {
                      "type": "string",
                    },
                  },
                  "required": [
                    "message",
                  ],
                  "type": "object",
                },
              },
            },
            "description": "Default Response",
          },
        },
        "summary": "Sign in with email and password",
        "tags": [
          "auth",
        ],
      },
    },
    "/auth/resend-code": {
      "post": {
        "description": "Issues a fresh confirmation code for the unconfirmed account identified by the signup_session cookie. Guarded by a per-signup cooldown and a total send cap.",
        "responses": {
          "202": {
            "content": {
              "application/json": {
                "schema": {
                  "additionalProperties": false,
                  "properties": {
                    "message": {
                      "type": "string",
                    },
                  },
                  "required": [
                    "message",
                  ],
                  "type": "object",
                },
              },
            },
            "description": "Default Response",
          },
          "401": {
            "content": {
              "application/json": {
                "schema": {
                  "additionalProperties": false,
                  "properties": {
                    "message": {
                      "type": "string",
                    },
                  },
                  "required": [
                    "message",
                  ],
                  "type": "object",
                },
              },
            },
            "description": "Default Response",
          },
          "429": {
            "content": {
              "application/json": {
                "schema": {
                  "additionalProperties": false,
                  "properties": {
                    "message": {
                      "type": "string",
                    },
                  },
                  "required": [
                    "message",
                  ],
                  "type": "object",
                },
              },
            },
            "description": "Default Response",
          },
          "503": {
            "content": {
              "application/json": {
                "schema": {
                  "additionalProperties": false,
                  "properties": {
                    "message": {
                      "type": "string",
                    },
                  },
                  "required": [
                    "message",
                  ],
                  "type": "object",
                },
              },
            },
            "description": "Default Response",
          },
        },
        "summary": "Resend the signup confirmation code",
        "tags": [
          "auth",
        ],
      },
    },
    "/auth/reset-password": {
      "post": {
        "description": "Verifies the 6-digit code for the reset identified by the password_reset cookie, stores the new password, ends every session of the account and starts a new one. Everything about the code answers with the same generic 401, because telling the cases apart would reveal which addresses have accounts.",
        "requestBody": {
          "content": {
            "application/json": {
              "schema": {
                "properties": {
                  "code": {
                    "pattern": "^\\d{6}$",
                    "type": "string",
                  },
                  "newPassword": {
                    "maxLength": 128,
                    "minLength": 15,
                    "type": "string",
                  },
                },
                "required": [
                  "code",
                  "newPassword",
                ],
                "type": "object",
              },
            },
          },
          "required": true,
        },
        "responses": {
          "204": {
            "description": "No content.",
          },
          "400": {
            "content": {
              "application/json": {
                "schema": {
                  "additionalProperties": false,
                  "properties": {
                    "message": {
                      "type": "string",
                    },
                  },
                  "required": [
                    "message",
                  ],
                  "type": "object",
                },
              },
            },
            "description": "Default Response",
          },
          "401": {
            "content": {
              "application/json": {
                "schema": {
                  "additionalProperties": false,
                  "properties": {
                    "message": {
                      "type": "string",
                    },
                  },
                  "required": [
                    "message",
                  ],
                  "type": "object",
                },
              },
            },
            "description": "Default Response",
          },
          "429": {
            "content": {
              "application/json": {
                "schema": {
                  "additionalProperties": false,
                  "properties": {
                    "message": {
                      "type": "string",
                    },
                  },
                  "required": [
                    "message",
                  ],
                  "type": "object",
                },
              },
            },
            "description": "Default Response",
          },
        },
        "summary": "Finish a password reset and sign in",
        "tags": [
          "auth",
        ],
      },
    },
    "/auth/signup": {
      "post": {
        "description": "Creates an unconfirmed account, or gives an unconfirmed one the new password, and emails a 6-digit confirmation code. The response is intentionally generic and identical whether or not the email is already registered, and the code is delivered outside the request so the two cases cannot be told apart by how long the response takes.",
        "requestBody": {
          "content": {
            "application/json": {
              "schema": {
                "properties": {
                  "email": {
                    "format": "email",
                    "maxLength": 254,
                    "pattern": "^(?:[A-Za-z0-9_'+\\-]+\\.)*[A-Za-z0-9_'+\\-]*[A-Za-z0-9_+-]@(?:[A-Za-z0-9][A-Za-z0-9\\-]*\\.)+[A-Za-z]{2,}$",
                    "type": "string",
                  },
                  "password": {
                    "maxLength": 128,
                    "minLength": 15,
                    "type": "string",
                  },
                },
                "required": [
                  "email",
                  "password",
                ],
                "type": "object",
              },
            },
          },
          "required": true,
        },
        "responses": {
          "202": {
            "content": {
              "application/json": {
                "schema": {
                  "additionalProperties": false,
                  "properties": {
                    "message": {
                      "type": "string",
                    },
                  },
                  "required": [
                    "message",
                  ],
                  "type": "object",
                },
              },
            },
            "description": "Default Response",
          },
          "400": {
            "content": {
              "application/json": {
                "schema": {
                  "additionalProperties": false,
                  "properties": {
                    "message": {
                      "type": "string",
                    },
                  },
                  "required": [
                    "message",
                  ],
                  "type": "object",
                },
              },
            },
            "description": "Default Response",
          },
          "429": {
            "content": {
              "application/json": {
                "schema": {
                  "additionalProperties": false,
                  "properties": {
                    "message": {
                      "type": "string",
                    },
                  },
                  "required": [
                    "message",
                  ],
                  "type": "object",
                },
              },
            },
            "description": "Default Response",
          },
        },
        "summary": "Start an email/password signup",
        "tags": [
          "auth",
        ],
      },
    },
    "/auth/verify-code": {
      "post": {
        "description": "Verifies the 6-digit code for the unconfirmed account identified by the signup_session cookie, confirms the account and starts an authenticated session. The session lives only in the cookie: the signed-in user is read from GET /me. The error response is intentionally generic.",
        "requestBody": {
          "content": {
            "application/json": {
              "schema": {
                "properties": {
                  "code": {
                    "pattern": "^\\d{6}$",
                    "type": "string",
                  },
                },
                "required": [
                  "code",
                ],
                "type": "object",
              },
            },
          },
          "required": true,
        },
        "responses": {
          "204": {
            "description": "No content.",
          },
          "400": {
            "content": {
              "application/json": {
                "schema": {
                  "additionalProperties": false,
                  "properties": {
                    "message": {
                      "type": "string",
                    },
                  },
                  "required": [
                    "message",
                  ],
                  "type": "object",
                },
              },
            },
            "description": "Default Response",
          },
          "401": {
            "content": {
              "application/json": {
                "schema": {
                  "additionalProperties": false,
                  "properties": {
                    "message": {
                      "type": "string",
                    },
                  },
                  "required": [
                    "message",
                  ],
                  "type": "object",
                },
              },
            },
            "description": "Default Response",
          },
          "429": {
            "content": {
              "application/json": {
                "schema": {
                  "additionalProperties": false,
                  "properties": {
                    "message": {
                      "type": "string",
                    },
                  },
                  "required": [
                    "message",
                  ],
                  "type": "object",
                },
              },
            },
            "description": "Default Response",
          },
        },
        "summary": "Confirm the signup code and sign in",
        "tags": [
          "auth",
        ],
      },
    },
    "/health": {
      "get": {
        "responses": {
          "200": {
            "content": {
              "application/json": {
                "schema": {
                  "additionalProperties": false,
                  "properties": {
                    "status": {
                      "enum": [
                        "ok",
                      ],
                      "type": "string",
                    },
                  },
                  "required": [
                    "status",
                  ],
                  "type": "object",
                },
              },
            },
            "description": "Default Response",
          },
        },
      },
    },
    "/me": {
      "get": {
        "description": "Resolves the session cookie and returns the public data of the user behind it. This is how the frontend learns who is signed in on boot. The error response is intentionally generic and identical whether the cookie is missing, unknown, signed out or expired.",
        "responses": {
          "200": {
            "content": {
              "application/json": {
                "schema": {
                  "additionalProperties": false,
                  "properties": {
                    "user": {
                      "additionalProperties": false,
                      "properties": {
                        "email": {
                          "format": "email",
                          "pattern": "^(?:[A-Za-z0-9_'+\\-]+\\.)*[A-Za-z0-9_'+\\-]*[A-Za-z0-9_+-]@(?:[A-Za-z0-9][A-Za-z0-9\\-]*\\.)+[A-Za-z]{2,}$",
                          "type": "string",
                        },
                        "id": {
                          "format": "uuid",
                          "pattern": "^([0-9a-fA-F]{8}-[0-9a-fA-F]{4}-[1-8][0-9a-fA-F]{3}-[89abAB][0-9a-fA-F]{3}-[0-9a-fA-F]{12}|00000000-0000-0000-0000-000000000000|ffffffff-ffff-ffff-ffff-ffffffffffff)$",
                          "type": "string",
                        },
                      },
                      "required": [
                        "id",
                        "email",
                      ],
                      "type": "object",
                    },
                  },
                  "required": [
                    "user",
                  ],
                  "type": "object",
                },
              },
            },
            "description": "Default Response",
          },
          "401": {
            "content": {
              "application/json": {
                "schema": {
                  "additionalProperties": false,
                  "properties": {
                    "message": {
                      "type": "string",
                    },
                  },
                  "required": [
                    "message",
                  ],
                  "type": "object",
                },
              },
            },
            "description": "Default Response",
          },
        },
        "summary": "Read the signed-in user",
        "tags": [
          "auth",
        ],
      },
    },
    "/sessions/": {
      "delete": {
        "description": "Deletes every session of the signed-in user except the one behind this request, which is always preserved so signing out everywhere does not lock the caller out of the device asking for it. Signing out of that one too is DELETE /sessions/current. Requires a valid session, so the response is 401 whenever the cookie is missing, unknown, signed out or expired.",
        "responses": {
          "204": {
            "description": "No content.",
          },
          "401": {
            "content": {
              "application/json": {
                "schema": {
                  "additionalProperties": false,
                  "properties": {
                    "message": {
                      "type": "string",
                    },
                  },
                  "required": [
                    "message",
                  ],
                  "type": "object",
                },
              },
            },
            "description": "Default Response",
          },
        },
        "summary": "Sign out of every device",
        "tags": [
          "sessions",
        ],
      },
      "get": {
        "description": "Returns every session of the signed-in user that has not expired, newest first, so a connected devices screen can show them and revoke one. The session behind this request is marked with isCurrent, so the caller can avoid signing itself out by accident. The session token and its hash are never part of the response. The error response is intentionally generic and identical whether the cookie is missing, unknown, signed out or expired.",
        "responses": {
          "200": {
            "content": {
              "application/json": {
                "schema": {
                  "additionalProperties": false,
                  "properties": {
                    "sessions": {
                      "items": {
                        "additionalProperties": false,
                        "properties": {
                          "createdAt": {
                            "format": "date-time",
                            "pattern": "^(?:(?:\\d\\d[2468][048]|\\d\\d[13579][26]|\\d\\d0[48]|[02468][048]00|[13579][26]00)-02-29|\\d{4}-(?:(?:0[13578]|1[02])-(?:0[1-9]|[12]\\d|3[01])|(?:0[469]|11)-(?:0[1-9]|[12]\\d|30)|(?:02)-(?:0[1-9]|1\\d|2[0-8])))T(?:(?:[01]\\d|2[0-3]):[0-5]\\d:[0-5]\\d(?:\\.\\d+)?(?:Z))$",
                            "type": "string",
                          },
                          "deviceLabel": {
                            "nullable": true,
                            "type": "string",
                          },
                          "expiresAt": {
                            "format": "date-time",
                            "pattern": "^(?:(?:\\d\\d[2468][048]|\\d\\d[13579][26]|\\d\\d0[48]|[02468][048]00|[13579][26]00)-02-29|\\d{4}-(?:(?:0[13578]|1[02])-(?:0[1-9]|[12]\\d|3[01])|(?:0[469]|11)-(?:0[1-9]|[12]\\d|30)|(?:02)-(?:0[1-9]|1\\d|2[0-8])))T(?:(?:[01]\\d|2[0-3]):[0-5]\\d:[0-5]\\d(?:\\.\\d+)?(?:Z))$",
                            "type": "string",
                          },
                          "id": {
                            "format": "uuid",
                            "pattern": "^([0-9a-fA-F]{8}-[0-9a-fA-F]{4}-[1-8][0-9a-fA-F]{3}-[89abAB][0-9a-fA-F]{3}-[0-9a-fA-F]{12}|00000000-0000-0000-0000-000000000000|ffffffff-ffff-ffff-ffff-ffffffffffff)$",
                            "type": "string",
                          },
                          "isCurrent": {
                            "type": "boolean",
                          },
                        },
                        "required": [
                          "id",
                          "deviceLabel",
                          "createdAt",
                          "expiresAt",
                          "isCurrent",
                        ],
                        "type": "object",
                      },
                      "type": "array",
                    },
                  },
                  "required": [
                    "sessions",
                  ],
                  "type": "object",
                },
              },
            },
            "description": "Default Response",
          },
          "401": {
            "content": {
              "application/json": {
                "schema": {
                  "additionalProperties": false,
                  "properties": {
                    "message": {
                      "type": "string",
                    },
                  },
                  "required": [
                    "message",
                  ],
                  "type": "object",
                },
              },
            },
            "description": "Default Response",
          },
        },
        "summary": "List the active sessions of the signed-in user",
        "tags": [
          "sessions",
        ],
      },
    },
    "/sessions/current": {
      "delete": {
        "description": "Deletes the session behind the cookie of this request and clears the cookie. Only this device is signed out: other sessions of the same user stay active. The response is 204 whether the cookie was missing, unknown, already signed out or expired, so signing out never reports the state of a session back to the caller.",
        "responses": {
          "204": {
            "description": "No content.",
          },
        },
        "summary": "Sign out of this device",
        "tags": [
          "sessions",
        ],
      },
    },
    "/sessions/{sessionId}": {
      "delete": {
        "description": "Deletes the session named in the path, which is the id the session listing returns. Only a session of the signed-in user is ever deleted. The response is 204 whether the session was deleted, never existed, belongs to someone else, was already signed out or had expired, so the endpoint never reports whose sessions exist. Signing this device out is DELETE /sessions/current, and the session listing marks which row that is with isCurrent.",
        "parameters": [
          {
            "in": "path",
            "name": "sessionId",
            "required": true,
            "schema": {
              "format": "uuid",
              "pattern": "^([0-9a-fA-F]{8}-[0-9a-fA-F]{4}-[1-8][0-9a-fA-F]{3}-[89abAB][0-9a-fA-F]{3}-[0-9a-fA-F]{12}|00000000-0000-0000-0000-000000000000|ffffffff-ffff-ffff-ffff-ffffffffffff)$",
              "type": "string",
            },
          },
        ],
        "responses": {
          "204": {
            "description": "No content.",
          },
          "400": {
            "content": {
              "application/json": {
                "schema": {
                  "additionalProperties": false,
                  "properties": {
                    "message": {
                      "type": "string",
                    },
                  },
                  "required": [
                    "message",
                  ],
                  "type": "object",
                },
              },
            },
            "description": "Default Response",
          },
          "401": {
            "content": {
              "application/json": {
                "schema": {
                  "additionalProperties": false,
                  "properties": {
                    "message": {
                      "type": "string",
                    },
                  },
                  "required": [
                    "message",
                  ],
                  "type": "object",
                },
              },
            },
            "description": "Default Response",
          },
        },
        "summary": "Revoke one session of the signed-in user",
        "tags": [
          "sessions",
        ],
      },
    },
  },
}
`;

exports[`public surface > keeps the route table 1`] = `
"├── /docs (GET, HEAD)
│   └── / (GET, HEAD)
│       ├── static/index.html (GET, HEAD)
│       ├── static/swagger-initializer.js (GET, HEAD)
│       ├── * (HEAD, GET)
│       ├── json (GET, HEAD)
│       └── yaml (GET, HEAD)
├── /health (GET, HEAD)
├── /me (GET, HEAD)
├── /auth/change-password (POST)
├── /auth/forgot-password (POST)
├── /auth/login (POST)
├── /auth/resend-code (POST)
├── /auth/reset-password (POST)
├── /auth/signup (POST)
├── /auth/verify-code (POST)
└── /sessions (DELETE, GET, HEAD)
    └── / (DELETE, GET, HEAD)
        ├── current (DELETE)
        └── :sessionId (DELETE)
"
`;
